// Vitest Snapshot v1, https://vitest.dev/guide/snapshot.html

exports[`AI Doctor Golden Cases v1 — deterministic serialization > produces stable JSON snapshots for every golden case 1`] = `
{
  "contradictory-live-normal-manual-alarming": {
    "action_queue_suggestion": null,
    "confidence": 0.1,
    "evidence": [
      "Plant context: id=plant-conflict-1, stage=flower",
      "Sensor group live: 3 reading(s) in last 7d",
      "Sensor group manual: 1 reading(s) in last 7d",
      "Vision pass: stub (image_quality_score=0)",
    ],
    "immediate_action": "Observe and re-check. Do not change inputs based on this stub pass.",
    "likely_issue": "",
    "missing_information": [
      "No grow events logged in the last 14 days for context.",
      "Image was not analyzed in this stub pass — no visual evidence available.",
    ],
    "possible_causes": [
      "Insufficient evidence to enumerate likely causes; observe and re-check.",
    ],
    "risk_level": "low",
    "summary": "Engine Phase 1 stub: observation-only summary based on supplied context.",
    "three_day_recovery_plan": "Maintain stable conditions, log daily diary entries, and capture a fresh photo and manual snapshot each day so the next pass has trustworthy context.",
    "twenty_four_hour_follow_up": "Re-confirm sensor freshness and source labels; log one fresh manual snapshot if no live readings are present.",
    "what_not_to_do": [
      "Do not adjust nutrient strength based on this output.",
      "Do not change irrigation schedule based on this output.",
      "Do not change equipment (lights, fans, heaters, humidifiers, pumps) based on this output.",
      "Do not defoliate or transplant based on this output.",
      "Do not treat stale or invalid sensor readings as current truth.",
    ],
  },
  "contradictory-manual-normal-live-alarming": {
    "action_queue_suggestion": null,
    "confidence": 0.3,
    "evidence": [
      "Plant context: id=plant-conflict-2, stage=veg",
      "Sensor group live: 3 reading(s) in last 7d",
      "Sensor group manual: 2 reading(s) in last 7d",
      "Deviation: 7d average VPD 2 kPa outside 0.6–1.6 kPa band",
      "Recent grow events (14d): 1",
      "Vision pass: stub (image_quality_score=0)",
    ],
    "immediate_action": "Observe and re-check. Do not change inputs based on this stub pass.",
    "likely_issue": "",
    "missing_information": [
      "Image was not analyzed in this stub pass — no visual evidence available.",
    ],
    "possible_causes": [
      "Environmental drift consistent with the listed 7-day deviations.",
    ],
    "risk_level": "low",
    "summary": "Engine Phase 1 stub: observation-only summary based on supplied context.",
    "three_day_recovery_plan": "Maintain stable conditions, log daily diary entries, and capture a fresh photo and manual snapshot each day so the next pass has trustworthy context.",
    "twenty_four_hour_follow_up": "Re-confirm sensor freshness and source labels; log one fresh manual snapshot if no live readings are present.",
    "what_not_to_do": [
      "Do not adjust nutrient strength based on this output.",
      "Do not change irrigation schedule based on this output.",
      "Do not change equipment (lights, fans, heaters, humidifiers, pumps) based on this output.",
      "Do not defoliate or transplant based on this output.",
      "Do not treat stale or invalid sensor readings as current truth.",
    ],
  },
  "demo-only-telemetry": {
    "action_queue_suggestion": null,
    "confidence": 0.1,
    "evidence": [
      "Plant context: id=plant-demo-1, stage=veg",
      "Sensor group demo: 3 reading(s) in last 7d",
      "Vision pass: stub (image_quality_score=0)",
    ],
    "immediate_action": "Observe and re-check. Do not change inputs based on this stub pass.",
    "likely_issue": "",
    "missing_information": [
      "No live or manual sensor readings in the last 7 days.",
      "No grow events logged in the last 14 days for context.",
      "Only demo sensor data available — not usable for a real diagnosis.",
      "Image was not analyzed in this stub pass — no visual evidence available.",
    ],
    "possible_causes": [
      "Insufficient evidence to enumerate likely causes; observe and re-check.",
    ],
    "risk_level": "low",
    "summary": "Engine Phase 1 stub: insufficient trustworthy context for a real diagnosis.",
    "three_day_recovery_plan": "Maintain stable conditions, log daily diary entries, and capture a fresh photo and manual snapshot each day so the next pass has trustworthy context.",
    "twenty_four_hour_follow_up": "Re-confirm sensor freshness and source labels; log one fresh manual snapshot if no live readings are present.",
    "what_not_to_do": [
      "Do not adjust nutrient strength based on this output.",
      "Do not change irrigation schedule based on this output.",
      "Do not change equipment (lights, fans, heaters, humidifiers, pumps) based on this output.",
      "Do not defoliate or transplant based on this output.",
      "Do not treat stale or invalid sensor readings as current truth.",
    ],
  },
  "differential-environment-only-stress": {
    "action_queue_suggestion": null,
    "confidence": 0.3,
    "evidence": [
      "Plant context: id=plant-diff-env-1, stage=veg",
      "Sensor group live: 3 reading(s) in last 7d",
      "Deviation: 7d average temperature 32°C outside 18–30°C band",
      "Deviation: 7d average humidity 28% outside 30–75% band",
      "Deviation: 7d average VPD 1.9 kPa outside 0.6–1.6 kPa band",
      "Recent grow events (14d): 1",
      "Vision pass: stub (image_quality_score=0)",
    ],
    "immediate_action": "Observe and re-check. Do not change inputs based on this stub pass.",
    "likely_issue": "",
    "missing_information": [
      "Image was not analyzed in this stub pass — no visual evidence available.",
    ],
    "possible_causes": [
      "Environmental drift consistent with the listed 7-day deviations.",
    ],
    "risk_level": "low",
    "summary": "Engine Phase 1 stub: observation-only summary based on supplied context.",
    "three_day_recovery_plan": "Maintain stable conditions, log daily diary entries, and capture a fresh photo and manual snapshot each day so the next pass has trustworthy context.",
    "twenty_four_hour_follow_up": "Re-confirm sensor freshness and source labels; log one fresh manual snapshot if no live readings are present.",
    "what_not_to_do": [
      "Do not adjust nutrient strength based on this output.",
      "Do not change irrigation schedule based on this output.",
      "Do not change equipment (lights, fans, heaters, humidifiers, pumps) based on this output.",
      "Do not defoliate or transplant based on this output.",
      "Do not treat stale or invalid sensor readings as current truth.",
    ],
  },
  "differential-nutrient-vs-watering-environment": {
    "action_queue_suggestion": null,
    "confidence": 0.3,
    "evidence": [
      "Plant context: id=plant-diff-nutrient-1, stage=veg",
      "Sensor group manual: 1 reading(s) in last 7d",
      "Sensor group csv: 1 reading(s) in last 7d",
      "Recent grow events (14d): 2",
      "Vision pass: stub (image_quality_score=0)",
    ],
    "immediate_action": "Observe and re-check. Do not change inputs based on this stub pass.",
    "likely_issue": "",
    "missing_information": [
      "Image was not analyzed in this stub pass — no visual evidence available.",
    ],
    "possible_causes": [
      "Insufficient evidence to enumerate likely causes; observe and re-check.",
    ],
    "risk_level": "low",
    "summary": "Engine Phase 1 stub: observation-only summary based on supplied context.",
    "three_day_recovery_plan": "Maintain stable conditions, log daily diary entries, and capture a fresh photo and manual snapshot each day so the next pass has trustworthy context.",
    "twenty_four_hour_follow_up": "Re-confirm sensor freshness and source labels; log one fresh manual snapshot if no live readings are present.",
    "what_not_to_do": [
      "Do not adjust nutrient strength based on this output.",
      "Do not change irrigation schedule based on this output.",
      "Do not change equipment (lights, fans, heaters, humidifiers, pumps) based on this output.",
      "Do not defoliate or transplant based on this output.",
      "Do not treat stale or invalid sensor readings as current truth.",
    ],
  },
  "differential-pest-disease-vs-environment": {
    "action_queue_suggestion": null,
    "confidence": 0.3,
    "evidence": [
      "Plant context: id=plant-diff-pest-1, stage=veg",
      "Sensor group manual: 1 reading(s) in last 7d",
      "Recent grow events (14d): 2",
      "Vision pass: stub (image_quality_score=0)",
    ],
    "immediate_action": "Observe and re-check. Do not change inputs based on this stub pass.",
    "likely_issue": "",
    "missing_information": [
      "Image was not analyzed in this stub pass — no visual evidence available.",
    ],
    "possible_causes": [
      "Insufficient evidence to enumerate likely causes; observe and re-check.",
    ],
    "risk_level": "low",
    "summary": "Engine Phase 1 stub: observation-only summary based on supplied context.",
    "three_day_recovery_plan": "Maintain stable conditions, log daily diary entries, and capture a fresh photo and manual snapshot each day so the next pass has trustworthy context.",
    "twenty_four_hour_follow_up": "Re-confirm sensor freshness and source labels; log one fresh manual snapshot if no live readings are present.",
    "what_not_to_do": [
      "Do not adjust nutrient strength based on this output.",
      "Do not change irrigation schedule based on this output.",
      "Do not change equipment (lights, fans, heaters, humidifiers, pumps) based on this output.",
      "Do not defoliate or transplant based on this output.",
      "Do not treat stale or invalid sensor readings as current truth.",
    ],
  },
  "early-stage-autoflower-caution": {
    "action_queue_suggestion": null,
    "confidence": 0.1,
    "evidence": [
      "Plant context: id=plant-auto-1, stage=seedling, strain=Test Autoflower",
      "Recent grow events (14d): 1",
      "Vision pass: stub (image_quality_score=0)",
    ],
    "immediate_action": "Observe and re-check. Do not change inputs based on this stub pass.",
    "likely_issue": "",
    "missing_information": [
      "No live or manual sensor readings in the last 7 days.",
      "Image was not analyzed in this stub pass — no visual evidence available.",
    ],
    "possible_causes": [
      "Insufficient evidence to enumerate likely causes; observe and re-check.",
    ],
    "risk_level": "low",
    "summary": "Engine Phase 1 stub: insufficient trustworthy context for a real diagnosis.",
    "three_day_recovery_plan": "Maintain stable conditions, log daily diary entries, and capture a fresh photo and manual snapshot each day so the next pass has trustworthy context.",
    "twenty_four_hour_follow_up": "Re-confirm sensor freshness and source labels; log one fresh manual snapshot if no live readings are present.",
    "what_not_to_do": [
      "Do not adjust nutrient strength based on this output.",
      "Do not change irrigation schedule based on this output.",
      "Do not change equipment (lights, fans, heaters, humidifiers, pumps) based on this output.",
      "Do not defoliate or transplant based on this output.",
      "Do not treat stale or invalid sensor readings as current truth.",
    ],
  },
  "invalid-and-stale-telemetry": {
    "action_queue_suggestion": {
      "action_type": "advisory",
      "reason": "Some recent sensor readings are stale or invalid. Suggest a manual recheck before any further changes.",
      "risk_level": "medium",
      "status": "pending_approval",
    },
    "confidence": 0.1,
    "evidence": [
      "Plant context: id=plant-stale-1, stage=veg",
      "Sensor group stale: 1 reading(s) in last 7d",
      "Sensor group invalid: 1 reading(s) in last 7d",
      "Vision pass: stub (image_quality_score=0)",
    ],
    "immediate_action": "Observe and re-check. Do not change inputs based on this stub pass.",
    "likely_issue": "",
    "missing_information": [
      "No live or manual sensor readings in the last 7 days.",
      "Some recent sensor readings are stale or invalid — fresh confirmation needed.",
      "No grow events logged in the last 14 days for context.",
      "Image was not analyzed in this stub pass — no visual evidence available.",
    ],
    "possible_causes": [
      "Sensor pipeline issue (stale/invalid readings) — diagnosis cannot rely on these.",
    ],
    "risk_level": "medium",
    "summary": "Engine Phase 1 stub: insufficient trustworthy context for a real diagnosis.",
    "three_day_recovery_plan": "Maintain stable conditions, log daily diary entries, and capture a fresh photo and manual snapshot each day so the next pass has trustworthy context.",
    "twenty_four_hour_follow_up": "Re-confirm sensor freshness and source labels; log one fresh manual snapshot if no live readings are present.",
    "what_not_to_do": [
      "Do not adjust nutrient strength based on this output.",
      "Do not change irrigation schedule based on this output.",
      "Do not change equipment (lights, fans, heaters, humidifiers, pumps) based on this output.",
      "Do not defoliate or transplant based on this output.",
      "Do not treat stale or invalid sensor readings as current truth.",
    ],
  },
  "manual-high-humidity-in-flower": {
    "action_queue_suggestion": null,
    "confidence": 0.3,
    "evidence": [
      "Plant context: id=plant-flower-1, stage=flower, strain=Photoperiod Test",
      "Sensor group manual: 1 reading(s) in last 7d",
      "Recent grow events (14d): 1",
      "Vision pass: stub (image_quality_score=0)",
    ],
    "immediate_action": "Observe and re-check. Do not change inputs based on this stub pass.",
    "likely_issue": "",
    "missing_information": [
      "Image was not analyzed in this stub pass — no visual evidence available.",
    ],
    "possible_causes": [
      "Insufficient evidence to enumerate likely causes; observe and re-check.",
    ],
    "risk_level": "low",
    "summary": "Engine Phase 1 stub: observation-only summary based on supplied context.",
    "three_day_recovery_plan": "Maintain stable conditions, log daily diary entries, and capture a fresh photo and manual snapshot each day so the next pass has trustworthy context.",
    "twenty_four_hour_follow_up": "Re-confirm sensor freshness and source labels; log one fresh manual snapshot if no live readings are present.",
    "what_not_to_do": [
      "Do not adjust nutrient strength based on this output.",
      "Do not change irrigation schedule based on this output.",
      "Do not change equipment (lights, fans, heaters, humidifiers, pumps) based on this output.",
      "Do not defoliate or transplant based on this output.",
      "Do not treat stale or invalid sensor readings as current truth.",
    ],
  },
  "mixed-source-history": {
    "action_queue_suggestion": {
      "action_type": "advisory",
      "reason": "Some recent sensor readings are stale or invalid. Suggest a manual recheck before any further changes.",
      "risk_level": "medium",
      "status": "pending_approval",
    },
    "confidence": 0.3,
    "evidence": [
      "Plant context: id=plant-mixed-1, stage=veg",
      "Sensor group live: 1 reading(s) in last 7d",
      "Sensor group manual: 1 reading(s) in last 7d",
      "Sensor group csv: 1 reading(s) in last 7d",
      "Sensor group demo: 1 reading(s) in last 7d",
      "Sensor group stale: 1 reading(s) in last 7d",
      "Sensor group invalid: 1 reading(s) in last 7d",
      "Recent grow events (14d): 1",
      "Vision pass: stub (image_quality_score=0)",
    ],
    "immediate_action": "Observe and re-check. Do not change inputs based on this stub pass.",
    "likely_issue": "",
    "missing_information": [
      "Some recent sensor readings are stale or invalid — fresh confirmation needed.",
      "Image was not analyzed in this stub pass — no visual evidence available.",
    ],
    "possible_causes": [
      "Sensor pipeline issue (stale/invalid readings) — diagnosis cannot rely on these.",
    ],
    "risk_level": "medium",
    "summary": "Engine Phase 1 stub: observation-only summary based on supplied context.",
    "three_day_recovery_plan": "Maintain stable conditions, log daily diary entries, and capture a fresh photo and manual snapshot each day so the next pass has trustworthy context.",
    "twenty_four_hour_follow_up": "Re-confirm sensor freshness and source labels; log one fresh manual snapshot if no live readings are present.",
    "what_not_to_do": [
      "Do not adjust nutrient strength based on this output.",
      "Do not change irrigation schedule based on this output.",
      "Do not change equipment (lights, fans, heaters, humidifiers, pumps) based on this output.",
      "Do not defoliate or transplant based on this output.",
      "Do not treat stale or invalid sensor readings as current truth.",
    ],
  },
  "photo-only-visible-concern": {
    "action_queue_suggestion": null,
    "confidence": 0.1,
    "evidence": [
      "Plant context: id=plant-photo-1, stage=veg",
      "Recent grow events (14d): 1",
      "Vision pass: stub (image_quality_score=0)",
    ],
    "immediate_action": "Observe and re-check. Do not change inputs based on this stub pass.",
    "likely_issue": "",
    "missing_information": [
      "No live or manual sensor readings in the last 7 days.",
      "Image was not analyzed in this stub pass — no visual evidence available.",
    ],
    "possible_causes": [
      "Insufficient evidence to enumerate likely causes; observe and re-check.",
    ],
    "risk_level": "low",
    "summary": "Engine Phase 1 stub: insufficient trustworthy context for a real diagnosis.",
    "three_day_recovery_plan": "Maintain stable conditions, log daily diary entries, and capture a fresh photo and manual snapshot each day so the next pass has trustworthy context.",
    "twenty_four_hour_follow_up": "Re-confirm sensor freshness and source labels; log one fresh manual snapshot if no live readings are present.",
    "what_not_to_do": [
      "Do not adjust nutrient strength based on this output.",
      "Do not change irrigation schedule based on this output.",
      "Do not change equipment (lights, fans, heaters, humidifiers, pumps) based on this output.",
      "Do not defoliate or transplant based on this output.",
      "Do not treat stale or invalid sensor readings as current truth.",
    ],
  },
  "recent-watering-low-vpd-droop": {
    "action_queue_suggestion": null,
    "confidence": 0.3,
    "evidence": [
      "Plant context: id=plant-droop-1, stage=veg, strain=Test Cultivar",
      "Sensor group manual: 1 reading(s) in last 7d",
      "Deviation: 7d average VPD 0.5 kPa outside 0.6–1.6 kPa band",
      "Recent grow events (14d): 2",
      "Vision pass: stub (image_quality_score=0)",
    ],
    "immediate_action": "Observe and re-check. Do not change inputs based on this stub pass.",
    "likely_issue": "",
    "missing_information": [
      "Image was not analyzed in this stub pass — no visual evidence available.",
    ],
    "possible_causes": [
      "Environmental drift consistent with the listed 7-day deviations.",
    ],
    "risk_level": "low",
    "summary": "Engine Phase 1 stub: observation-only summary based on supplied context.",
    "three_day_recovery_plan": "Maintain stable conditions, log daily diary entries, and capture a fresh photo and manual snapshot each day so the next pass has trustworthy context.",
    "twenty_four_hour_follow_up": "Re-confirm sensor freshness and source labels; log one fresh manual snapshot if no live readings are present.",
    "what_not_to_do": [
      "Do not adjust nutrient strength based on this output.",
      "Do not change irrigation schedule based on this output.",
      "Do not change equipment (lights, fans, heaters, humidifiers, pumps) based on this output.",
      "Do not defoliate or transplant based on this output.",
      "Do not treat stale or invalid sensor readings as current truth.",
    ],
  },
  "weak-context-needs-more-data": {
    "action_queue_suggestion": null,
    "confidence": 0.1,
    "evidence": [
      "Plant context: id=plant-weak-1, stage=veg, strain=Generic Strain",
      "Vision pass: stub (image_quality_score=0)",
    ],
    "immediate_action": "Observe and re-check. Do not change inputs based on this stub pass.",
    "likely_issue": "",
    "missing_information": [
      "No live or manual sensor readings in the last 7 days.",
      "No grow events logged in the last 14 days for context.",
      "Image was not analyzed in this stub pass — no visual evidence available.",
    ],
    "possible_causes": [
      "Insufficient evidence to enumerate likely causes; observe and re-check.",
    ],
    "risk_level": "low",
    "summary": "Engine Phase 1 stub: insufficient trustworthy context for a real diagnosis.",
    "three_day_recovery_plan": "Maintain stable conditions, log daily diary entries, and capture a fresh photo and manual snapshot each day so the next pass has trustworthy context.",
    "twenty_four_hour_follow_up": "Re-confirm sensor freshness and source labels; log one fresh manual snapshot if no live readings are present.",
    "what_not_to_do": [
      "Do not adjust nutrient strength based on this output.",
      "Do not change irrigation schedule based on this output.",
      "Do not change equipment (lights, fans, heaters, humidifiers, pumps) based on this output.",
      "Do not defoliate or transplant based on this output.",
      "Do not treat stale or invalid sensor readings as current truth.",
    ],
  },
}
`;
