// Vitest Snapshot v1, https://vitest.dev/guide/snapshot.html

exports[`Plant Detail · Daily Grow Check section · visual hierarchy snapshots > State 1: no activity → onboarding is the prominent surface 1`] = `
"00 plant-daily-grow-check-section :: "Daily Grow CheckSet up your daily grow loopAdd your first manual snapshot. This "
01 daily-grow-check-onboarding-card :: "Set up your daily grow loopAdd your first manual snapshot. This is not live sens"
02 daily-grow-check-onboarding-title :: "Set up your daily grow loop"
03 daily-grow-check-onboarding-subtitle :: "Add your first manual snapshot. This is not live sensor data."
04 daily-grow-check-onboarding-help-trigger [cta]
05 daily-grow-check-onboarding-cta :: "Add Manual Snapshot"
06 daily-grow-check-onboarding-dismiss [cta]
07 plant-daily-grow-check-consistency :: "Check ConsistencyCurrent rhythm Add note Add sensor snapshotStart today's grow c"
08 plant-daily-grow-check-quick-actions :: "Add note Add sensor snapshot"
09 plant-daily-grow-check-quick-action-note :: "Add note"
10 plant-daily-grow-check-quick-action-sensor :: "Add sensor snapshot"
11 plant-daily-grow-check-guidance :: "Start today's grow checkDaily checks help Verdant connect plant notes with tent "
12 plant-daily-grow-check-guidance-headline :: "Start today's grow check"
13 plant-daily-grow-check-guidance-body :: "Daily checks help Verdant connect plant notes with tent conditions. A check can "
14 plant-daily-grow-check-guidance-next-step :: "Even a short note counts. Log what changed, what you saw, or the current tent co"
15 plant-daily-grow-check-consistency-empty :: "No check activity in the last 7 days."
16 plant-daily-grow-check-method-breakdown :: "Last 7 daysMay 20MissedMay 21MissedMay 22MissedMay 23MissedMay 24MissedYesterday"
17 plant-daily-grow-check-method-breakdown-day :: "May 20Missed"
18 plant-daily-grow-check-method-breakdown-day-label :: "Missed"
19 plant-daily-grow-check-method-breakdown-day :: "May 21Missed"
20 plant-daily-grow-check-method-breakdown-day-label :: "Missed"
21 plant-daily-grow-check-method-breakdown-day :: "May 22Missed"
22 plant-daily-grow-check-method-breakdown-day-label :: "Missed"
23 plant-daily-grow-check-method-breakdown-day :: "May 23Missed"
24 plant-daily-grow-check-method-breakdown-day-label :: "Missed"
25 plant-daily-grow-check-method-breakdown-day :: "May 24Missed"
26 plant-daily-grow-check-method-breakdown-day-label :: "Missed"
27 plant-daily-grow-check-method-breakdown-day :: "YesterdayMissed"
28 plant-daily-grow-check-method-breakdown-day-label :: "Missed"
29 plant-daily-grow-check-method-breakdown-day :: "TodayMissed"
30 plant-daily-grow-check-method-breakdown-day-label :: "Missed"
31 plant-daily-grow-check-what-counts :: "A Daily Grow Check counts when you add a quick note or a manual sensor snapshot "
32 plant-daily-grow-check-history :: "Daily Grow Check HistoryLast 5 days · derived from your existing activity.Start "
33 plant-daily-grow-check-history-onboarding :: "Start today's grow checkDaily checks help Verdant connect plant notes with tent "
34 plant-daily-grow-check-history-onboarding-headline :: "Start today's grow check"
35 plant-daily-grow-check-history-onboarding-body :: "Daily checks help Verdant connect plant notes with tent conditions. A check can "
36 plant-daily-grow-check-history-onboarding-secondary :: "Even a short note counts. Log what changed, what you saw, or the current tent co"
37 plant-daily-grow-check-history-cta-note :: "Start Quick Log"
38 plant-daily-grow-check-history-cta-sensor :: "Add environment snapshot"
39 plant-daily-grow-check-history-what-counts :: "A Daily Grow Check counts when you add a quick note or a manual sensor snapshot ""
`;

exports[`Plant Detail · Daily Grow Check section · visual hierarchy snapshots > State 2: prior activity but today unchecked → next-action CTA is prominent 1`] = `
"00 plant-daily-grow-check-section :: "Daily Grow CheckSet up your daily grow loopYou're ready to run today's check.Sta"
01 daily-grow-check-onboarding-card :: "Set up your daily grow loopYou're ready to run today's check.Start Daily Grow Ch"
02 daily-grow-check-onboarding-title :: "Set up your daily grow loop"
03 daily-grow-check-onboarding-subtitle :: "You're ready to run today's check."
04 daily-grow-check-onboarding-cta :: "Start Daily Grow Check"
05 daily-grow-check-onboarding-dismiss [cta]
06 plant-daily-grow-check-consistency :: "Check ConsistencyCurrent rhythm Add note Add sensor snapshotChecked 2 of last 7 "
07 plant-daily-grow-check-quick-actions :: "Add note Add sensor snapshot"
08 plant-daily-grow-check-quick-action-note :: "Add note"
09 plant-daily-grow-check-quick-action-sensor :: "Add sensor snapshot"
10 plant-daily-grow-check-guidance :: "Checked 2 of last 7 daysMissed 5 days in this window.Start with one quick note o"
11 plant-daily-grow-check-guidance-headline :: "Checked 2 of last 7 days"
12 plant-daily-grow-check-guidance-body :: "Missed 5 days in this window."
13 plant-daily-grow-check-guidance-next-step :: "Start with one quick note or sensor snapshot today — small is fine."
14 plant-daily-grow-check-consistency-main :: "Checked 2 of last 7 days"
15 plant-daily-grow-check-consistency-streak :: "Current streak: 0 days"
16 plant-daily-grow-check-consistency-missed :: "Missed days: 5"
17 plant-daily-grow-check-method-breakdown :: "Last 7 daysMay 20MissedMay 21MissedMay 22BothMay 23MissedMay 24BothYesterdayMiss"
18 plant-daily-grow-check-method-breakdown-day :: "May 20Missed"
19 plant-daily-grow-check-method-breakdown-day-label :: "Missed"
20 plant-daily-grow-check-method-breakdown-day :: "May 21Missed"
21 plant-daily-grow-check-method-breakdown-day-label :: "Missed"
22 plant-daily-grow-check-method-breakdown-day :: "May 22Both"
23 plant-daily-grow-check-method-breakdown-day-label :: "Both"
24 plant-daily-grow-check-method-breakdown-day :: "May 23Missed"
25 plant-daily-grow-check-method-breakdown-day-label :: "Missed"
26 plant-daily-grow-check-method-breakdown-day :: "May 24Both"
27 plant-daily-grow-check-method-breakdown-day-label :: "Both"
28 plant-daily-grow-check-method-breakdown-day :: "YesterdayMissed"
29 plant-daily-grow-check-method-breakdown-day-label :: "Missed"
30 plant-daily-grow-check-method-breakdown-day :: "TodayMissed"
31 plant-daily-grow-check-method-breakdown-day-label :: "Missed"
32 plant-daily-grow-check-what-counts :: "A Daily Grow Check counts when you add a quick note or a manual sensor snapshot "
33 plant-daily-grow-check-history :: "Daily Grow Check HistoryLast 5 days · derived from your existing activity.TodayN"
34 plant-daily-grow-check-history-rows :: "TodayNo check activityYesterdayNo check activityMay 242 days ago · 9:00 AMDaily "
35 plant-daily-grow-check-history-row :: "TodayNo check activity"
36 plant-daily-grow-check-history-day-label :: "Today"
37 plant-daily-grow-check-history-label :: "No check activity"
38 plant-daily-grow-check-history-row :: "YesterdayNo check activity"
39 plant-daily-grow-check-history-day-label :: "Yesterday"
40 plant-daily-grow-check-history-label :: "No check activity"
41 plant-daily-grow-check-history-row :: "May 242 days ago · 9:00 AMDaily check activity detected"
42 plant-daily-grow-check-history-day-label :: "May 24"
43 plant-daily-grow-check-history-label :: "Daily check activity detected"
44 plant-daily-grow-check-history-row :: "May 23No check activity"
45 plant-daily-grow-check-history-day-label :: "May 23"
46 plant-daily-grow-check-history-label :: "No check activity"
47 plant-daily-grow-check-history-row :: "May 224 days ago · 9:00 AMDaily check activity detected"
48 plant-daily-grow-check-history-day-label :: "May 22"
49 plant-daily-grow-check-history-label :: "Daily check activity detected""
`;

exports[`Plant Detail · Daily Grow Check section · visual hierarchy snapshots > State 3: today has activity → recent-activity cue replaces next-action CTA 1`] = `
"00 plant-daily-grow-check-section :: "Daily Grow CheckCheck ConsistencyCurrent rhythmStart Daily Grow Check Today's ch"
01 plant-daily-grow-check-consistency :: "Check ConsistencyCurrent rhythmStart Daily Grow Check Today's check is inChecked"
02 plant-daily-grow-check-consistency-cta :: "Start Daily Grow Check"
03 plant-daily-grow-check-guidance :: "Today's check is inChecked 2 of last 7 days.Keep your daily rhythm going tomorro"
04 plant-daily-grow-check-guidance-headline :: "Today's check is in"
05 plant-daily-grow-check-guidance-body :: "Checked 2 of last 7 days."
06 plant-daily-grow-check-guidance-next-step :: "Keep your daily rhythm going tomorrow."
07 plant-daily-grow-check-today-method :: "Checked by note + sensor snapshot"
08 plant-daily-grow-check-consistency-main :: "Checked 2 of last 7 days"
09 plant-daily-grow-check-consistency-streak :: "Current streak: 1 day"
10 plant-daily-grow-check-consistency-missed :: "Missed days: 5"
11 plant-daily-grow-check-method-breakdown :: "Last 7 daysMay 20MissedMay 21MissedMay 22MissedMay 23MissedMay 24BothYesterdayMi"
12 plant-daily-grow-check-method-breakdown-day :: "May 20Missed"
13 plant-daily-grow-check-method-breakdown-day-label :: "Missed"
14 plant-daily-grow-check-method-breakdown-day :: "May 21Missed"
15 plant-daily-grow-check-method-breakdown-day-label :: "Missed"
16 plant-daily-grow-check-method-breakdown-day :: "May 22Missed"
17 plant-daily-grow-check-method-breakdown-day-label :: "Missed"
18 plant-daily-grow-check-method-breakdown-day :: "May 23Missed"
19 plant-daily-grow-check-method-breakdown-day-label :: "Missed"
20 plant-daily-grow-check-method-breakdown-day :: "May 24Both"
21 plant-daily-grow-check-method-breakdown-day-label :: "Both"
22 plant-daily-grow-check-method-breakdown-day :: "YesterdayMissed"
23 plant-daily-grow-check-method-breakdown-day-label :: "Missed"
24 plant-daily-grow-check-method-breakdown-day :: "TodayBoth"
25 plant-daily-grow-check-method-breakdown-day-label :: "Both"
26 plant-daily-grow-check-what-counts :: "A Daily Grow Check counts when you add a quick note or a manual sensor snapshot "
27 plant-daily-grow-check-history :: "Daily Grow Check HistoryLast 5 days · derived from your existing activity.Today "
28 plant-daily-grow-check-recent-activity-cue :: "Today has a Daily Grow Check entry.Latest check: 8:00 AM"
29 plant-daily-grow-check-recent-activity-cue-label :: "Today has a Daily Grow Check entry."
30 plant-daily-grow-check-recent-activity-cue-detail :: "Latest check: 8:00 AM"
31 plant-daily-grow-check-history-rows :: "Todayabout 7 hours ago · 8:00 AMDaily check activity detectedYesterdayNo check a"
32 plant-daily-grow-check-history-row :: "Todayabout 7 hours ago · 8:00 AMDaily check activity detected"
33 plant-daily-grow-check-history-day-label :: "Today"
34 plant-daily-grow-check-history-label :: "Daily check activity detected"
35 plant-daily-grow-check-history-row :: "YesterdayNo check activity"
36 plant-daily-grow-check-history-day-label :: "Yesterday"
37 plant-daily-grow-check-history-label :: "No check activity"
38 plant-daily-grow-check-history-row :: "May 242 days ago · 9:00 AMDaily check activity detected"
39 plant-daily-grow-check-history-day-label :: "May 24"
40 plant-daily-grow-check-history-label :: "Daily check activity detected"
41 plant-daily-grow-check-history-row :: "May 23No check activity"
42 plant-daily-grow-check-history-day-label :: "May 23"
43 plant-daily-grow-check-history-label :: "No check activity"
44 plant-daily-grow-check-history-row :: "May 22No check activity"
45 plant-daily-grow-check-history-day-label :: "May 22"
46 plant-daily-grow-check-history-label :: "No check activity""
`;
